../Core/Src/driver_sx1262_interface.c:18:6:sx1262_interface_debug_print	280	static
../Core/Src/driver_sx1262_interface.c:28:6:sx1262_interface_delay_ms	16	static
../Core/Src/driver_sx1262_interface.c:33:9:sx1262_interface_spi_init	8	static
../Core/Src/driver_sx1262_interface.c:38:9:sx1262_interface_spi_deinit	8	static
../Core/Src/driver_sx1262_interface.c:43:9:sx1262_interface_spi_write_read	104	static
../Core/Src/driver_sx1262_interface.c:51:9:sx1262_interface_reset_gpio_init	8	static
../Core/Src/driver_sx1262_interface.c:56:9:sx1262_interface_reset_gpio_deinit	8	static
../Core/Src/driver_sx1262_interface.c:61:9:sx1262_interface_reset_gpio_write	88	static
../Core/Src/driver_sx1262_interface.c:70:9:sx1262_interface_busy_gpio_init	8	static
../Core/Src/driver_sx1262_interface.c:75:9:sx1262_interface_busy_gpio_deinit	8	static
../Core/Src/driver_sx1262_interface.c:80:9:sx1262_interface_busy_gpio_read	88	static
