../Core/Src/driver_sx1262.c:155:16:a_sx1262_spi_read	32	static
../Core/Src/driver_sx1262.c:179:16:a_sx1262_spi_write	32	static
../Core/Src/driver_sx1262.c:213:16:a_sx1262_spi_read_register	40	static
../Core/Src/driver_sx1262.c:252:16:a_sx1262_spi_write_register	32	static
../Core/Src/driver_sx1262.c:288:16:a_sx1262_spi_write_buffer	32	static
../Core/Src/driver_sx1262.c:323:16:a_sx1262_spi_read_buffer	40	static
../Core/Src/driver_sx1262.c:357:16:a_sx1262_check_busy	32	static
../Core/Src/driver_sx1262.c:407:9:sx1262_irq_handler	48	static
../Core/Src/driver_sx1262.c:590:9:sx1262_init	24	static
../Core/Src/driver_sx1262.c:761:9:sx1262_deinit	32	static
../Core/Src/driver_sx1262.c:828:9:sx1262_single_receive	48	static
../Core/Src/driver_sx1262.c:897:9:sx1262_continuous_receive	32	static
../Core/Src/driver_sx1262.c:966:9:sx1262_lora_cad	32	static
../Core/Src/driver_sx1262.c:1053:9:sx1262_check_packet_error	16	static
../Core/Src/driver_sx1262.c:1091:9:sx1262_lora_transmit	48	static
../Core/Src/driver_sx1262.c:1309:9:sx1262_write_register	40	static
../Core/Src/driver_sx1262.c:1354:9:sx1262_read_register	40	static
../Core/Src/driver_sx1262.c:1399:9:sx1262_write_buffer	40	static
../Core/Src/driver_sx1262.c:1444:9:sx1262_read_buffer	40	static
../Core/Src/driver_sx1262.c:1488:9:sx1262_set_sleep	32	static
../Core/Src/driver_sx1262.c:1534:9:sx1262_set_standby	32	static
../Core/Src/driver_sx1262.c:1579:9:sx1262_set_frequency_synthesis	32	static
../Core/Src/driver_sx1262.c:1623:9:sx1262_set_tx	32	static
../Core/Src/driver_sx1262.c:1672:9:sx1262_set_rx	32	static
../Core/Src/driver_sx1262.c:1719:9:sx1262_timeout_convert_to_register	24	static
../Core/Src/driver_sx1262.c:1746:9:sx1262_timeout_convert_to_data	24	static
../Core/Src/driver_sx1262.c:1774:9:sx1262_set_stop_timer_on_preamble	32	static
../Core/Src/driver_sx1262.c:1821:9:sx1262_set_rx_duty_cycle	40	static
../Core/Src/driver_sx1262.c:1871:9:sx1262_set_cad	32	static
../Core/Src/driver_sx1262.c:1914:9:sx1262_set_tx_continuous_wave	32	static
../Core/Src/driver_sx1262.c:1957:9:sx1262_set_tx_infinite_preamble	32	static
../Core/Src/driver_sx1262.c:2001:9:sx1262_set_regulator_mode	32	static
../Core/Src/driver_sx1262.c:2047:9:sx1262_set_calibration	32	static
../Core/Src/driver_sx1262.c:2094:9:sx1262_set_calibration_image	32	static
../Core/Src/driver_sx1262.c:2142:9:sx1262_set_pa_config	32	static
../Core/Src/driver_sx1262.c:2191:9:sx1262_set_rx_tx_fallback_mode	32	static
../Core/Src/driver_sx1262.c:2240:9:sx1262_set_dio_irq_params	48	static
../Core/Src/driver_sx1262.c:2295:9:sx1262_get_irq_status	32	static
../Core/Src/driver_sx1262.c:2341:9:sx1262_clear_irq_status	32	static
../Core/Src/driver_sx1262.c:2388:9:sx1262_set_dio2_as_rf_switch_ctrl	32	static
../Core/Src/driver_sx1262.c:2435:9:sx1262_set_dio3_as_tcxo_ctrl	40	static
../Core/Src/driver_sx1262.c:2483:9:sx1262_frequency_convert_to_register	24	static
../Core/Src/driver_sx1262.c:2510:9:sx1262_frequency_convert_to_data	24	static
../Core/Src/driver_sx1262.c:2538:9:sx1262_set_rf_frequency	32	static
../Core/Src/driver_sx1262.c:2587:9:sx1262_set_packet_type	32	static
../Core/Src/driver_sx1262.c:2633:9:sx1262_get_packet_type	32	static
../Core/Src/driver_sx1262.c:2680:9:sx1262_set_tx_params	32	static
../Core/Src/driver_sx1262.c:2730:9:sx1262_set_gfsk_modulation_params	48	static
../Core/Src/driver_sx1262.c:2783:9:sx1262_gfsk_bit_rate_convert_to_register	24	static
../Core/Src/driver_sx1262.c:2810:9:sx1262_gfsk_bit_rate_convert_to_data	24	static
../Core/Src/driver_sx1262.c:2837:9:sx1262_gfsk_frequency_deviation_convert_to_register	24	static
../Core/Src/driver_sx1262.c:2864:9:sx1262_gfsk_frequency_deviation_convert_to_data	24	static
../Core/Src/driver_sx1262.c:2895:9:sx1262_set_lora_modulation_params	32	static
../Core/Src/driver_sx1262.c:2953:9:sx1262_set_gfsk_packet_params	40	static
../Core/Src/driver_sx1262.c:3021:9:sx1262_set_lora_packet_params	32	static
../Core/Src/driver_sx1262.c:3078:9:sx1262_set_cad_params	32	static
../Core/Src/driver_sx1262.c:3133:9:sx1262_set_buffer_base_address	32	static
../Core/Src/driver_sx1262.c:3180:9:sx1262_set_lora_symb_num_timeout	32	static
../Core/Src/driver_sx1262.c:3226:9:sx1262_get_status	32	static
../Core/Src/driver_sx1262.c:3274:9:sx1262_get_rx_buffer_status	40	static
../Core/Src/driver_sx1262.c:3325:9:sx1262_get_gfsk_packet_status	40	static
../Core/Src/driver_sx1262.c:3381:9:sx1262_get_lora_packet_status	40	static
../Core/Src/driver_sx1262.c:3434:9:sx1262_get_instantaneous_rssi	40	static
../Core/Src/driver_sx1262.c:3483:9:sx1262_get_stats	40	static
../Core/Src/driver_sx1262.c:3533:9:sx1262_reset_stats	40	static
../Core/Src/driver_sx1262.c:3584:9:sx1262_get_device_errors	32	static
../Core/Src/driver_sx1262.c:3629:9:sx1262_clear_device_errors	32	static
../Core/Src/driver_sx1262.c:3676:9:sx1262_set_fsk_whitening_initial_value	32	static
../Core/Src/driver_sx1262.c:3723:9:sx1262_get_fsk_whitening_initial_value	32	static
../Core/Src/driver_sx1262.c:3769:9:sx1262_set_fsk_crc_initical_value	32	static
../Core/Src/driver_sx1262.c:3816:9:sx1262_get_fsk_crc_initical_value	32	static
../Core/Src/driver_sx1262.c:3862:9:sx1262_set_fsk_crc_polynomial_value	32	static
../Core/Src/driver_sx1262.c:3909:9:sx1262_get_fsk_crc_polynomial_value	32	static
../Core/Src/driver_sx1262.c:3955:9:sx1262_set_fsk_sync_word	32	static
../Core/Src/driver_sx1262.c:3999:9:sx1262_get_fsk_sync_word	32	static
../Core/Src/driver_sx1262.c:4043:9:sx1262_set_fsk_node_address	32	static
../Core/Src/driver_sx1262.c:4087:9:sx1262_get_fsk_node_address	32	static
../Core/Src/driver_sx1262.c:4131:9:sx1262_set_fsk_broadcast_address	32	static
../Core/Src/driver_sx1262.c:4175:9:sx1262_get_fsk_broadcast_address	32	static
../Core/Src/driver_sx1262.c:4219:9:sx1262_set_iq_polarity	32	static
../Core/Src/driver_sx1262.c:4263:9:sx1262_get_iq_polarity	32	static
../Core/Src/driver_sx1262.c:4307:9:sx1262_set_lora_sync_word	32	static
../Core/Src/driver_sx1262.c:4354:9:sx1262_get_lora_sync_word	32	static
../Core/Src/driver_sx1262.c:4400:9:sx1262_get_random_number	32	static
../Core/Src/driver_sx1262.c:4447:9:sx1262_set_tx_modulation	32	static
../Core/Src/driver_sx1262.c:4491:9:sx1262_get_tx_modulation	32	static
../Core/Src/driver_sx1262.c:4535:9:sx1262_set_rx_gain	32	static
../Core/Src/driver_sx1262.c:4579:9:sx1262_get_rx_gain	32	static
../Core/Src/driver_sx1262.c:4623:9:sx1262_set_tx_clamp_config	32	static
../Core/Src/driver_sx1262.c:4667:9:sx1262_get_tx_clamp_config	32	static
../Core/Src/driver_sx1262.c:4711:9:sx1262_set_ocp	32	static
../Core/Src/driver_sx1262.c:4755:9:sx1262_get_ocp	32	static
../Core/Src/driver_sx1262.c:4799:9:sx1262_set_rtc_control	32	static
../Core/Src/driver_sx1262.c:4843:9:sx1262_get_rtc_control	32	static
../Core/Src/driver_sx1262.c:4887:9:sx1262_set_xta_trim	32	static
../Core/Src/driver_sx1262.c:4931:9:sx1262_get_xta_trim	32	static
../Core/Src/driver_sx1262.c:4975:9:sx1262_set_xtb_trim	32	static
../Core/Src/driver_sx1262.c:5019:9:sx1262_get_xtb_trim	32	static
../Core/Src/driver_sx1262.c:5063:9:sx1262_set_dio3_output_control	32	static
../Core/Src/driver_sx1262.c:5107:9:sx1262_get_dio3_output_control	32	static
../Core/Src/driver_sx1262.c:5151:9:sx1262_set_event_mask	32	static
../Core/Src/driver_sx1262.c:5195:9:sx1262_get_event_mask	32	static
../Core/Src/driver_sx1262.c:5239:9:sx1262_set_dio_output_enable	32	static
../Core/Src/driver_sx1262.c:5283:9:sx1262_get_dio_output_enable	32	static
../Core/Src/driver_sx1262.c:5327:9:sx1262_set_dio_input_enable	32	static
../Core/Src/driver_sx1262.c:5371:9:sx1262_get_dio_input_enable	32	static
../Core/Src/driver_sx1262.c:5415:9:sx1262_set_pull_up_control	32	static
../Core/Src/driver_sx1262.c:5459:9:sx1262_get_pull_up_control	32	static
../Core/Src/driver_sx1262.c:5503:9:sx1262_set_pull_down_control	32	static
../Core/Src/driver_sx1262.c:5547:9:sx1262_get_pull_down_control	32	static
../Core/Src/driver_sx1262.c:5591:9:sx1262_set_fhss_hopping_enable	32	static
../Core/Src/driver_sx1262.c:5635:9:sx1262_get_fhss_hopping_enable	32	static
../Core/Src/driver_sx1262.c:5679:9:sx1262_set_fhss_packet_length	32	static
../Core/Src/driver_sx1262.c:5723:9:sx1262_get_fhss_packet_length	32	static
../Core/Src/driver_sx1262.c:5767:9:sx1262_set_fhss_nb_hopping_blocks	32	static
../Core/Src/driver_sx1262.c:5811:9:sx1262_get_fhss_nb_hopping_blocks	32	static
../Core/Src/driver_sx1262.c:5855:9:sx1262_set_fhss_symbols_freq0	32	static
../Core/Src/driver_sx1262.c:5902:9:sx1262_get_fhss_symbols_freq0	32	static
../Core/Src/driver_sx1262.c:5948:9:sx1262_set_fhss_freq0	32	static
../Core/Src/driver_sx1262.c:5997:9:sx1262_get_fhss_freq0	32	static
../Core/Src/driver_sx1262.c:6044:9:sx1262_set_fhss_symbols_freq15	32	static
../Core/Src/driver_sx1262.c:6091:9:sx1262_get_fhss_symbols_freq15	32	static
../Core/Src/driver_sx1262.c:6137:9:sx1262_set_fhss_freq15	32	static
../Core/Src/driver_sx1262.c:6186:9:sx1262_get_fhss_freq15	32	static
../Core/Src/driver_sx1262.c:6235:9:sx1262_write_read_reg	32	static
../Core/Src/driver_sx1262.c:6266:9:sx1262_info	16	static
