../Core/Inc/debug_log.h:12:20:log_debug	224	static
../Core/Src/main.c:108:13:user_delay_us	24	static
../Core/Src/main.c:114:15:user_i2c_read	72	static
../Core/Src/main.c:125:15:user_i2c_write	48	static
../Core/Src/main.c:133:6:log_info	224	static
../Core/Src/main.c:140:6:HAL_GPIO_EXTI_Callback	16	static
../Core/Src/main.c:153:5:main	320	static
../Core/Src/main.c:458:6:SystemClock_Config	88	static
../Core/Src/main.c:499:13:MX_I2C1_Init	8	static
../Core/Src/main.c:547:13:MX_SPI1_Init	8	static
../Core/Src/main.c:587:13:MX_USART2_UART_Init	8	static
../Core/Src/main.c:635:13:MX_GPIO_Init	48	static
../Core/Src/main.c:681:6:Error_Handler	8	static,ignoring_inline_asm
